2026-05-15T16:24:14.689Z  INFO 28992 --- [main] com.example.demo.SareetaApplication      : Starting SareetaApplication using Java 22.0.2 with PID 28992 (/workspace/nd035-c4-Security-and-DevOps/starter_code/target/classes started by student in /workspace)
2026-05-15T16:24:14.691Z  INFO 28992 --- [main] com.example.demo.SareetaApplication      : No active profile set, falling back to 1 default profile: "default"
2026-05-15T16:24:15.587Z  INFO 28992 --- [main] .s.d.r.c.RepositoryConfigurationDelegate : Bootstrapping Spring Data JPA repositories in DEFAULT mode.
2026-05-15T16:24:15.628Z  INFO 28992 --- [main] .s.d.r.c.RepositoryConfigurationDelegate : Finished Spring Data repository scanning in 34 ms. Found 4 JPA repository interfaces.
2026-05-15T16:24:17.011Z  INFO 28992 --- [main] o.s.b.w.embedded.tomcat.TomcatWebServer  : Tomcat initialized with port 8080 (http)
2026-05-15T16:24:17.023Z  INFO 28992 --- [main] o.apache.catalina.core.StandardService   : Starting service [Tomcat]
2026-05-15T16:24:17.023Z  INFO 28992 --- [main] o.apache.catalina.core.StandardEngine    : Starting Servlet engine: [Apache Tomcat/10.1.31]
2026-05-15T16:24:17.204Z  INFO 28992 --- [main] o.a.c.c.C.[Tomcat].[localhost].[/]       : Initializing Spring embedded WebApplicationContext
2026-05-15T16:24:17.205Z  INFO 28992 --- [main] w.s.c.ServletWebServerApplicationContext : Root WebApplicationContext: initialization completed in 2415 ms
2026-05-15T16:24:17.687Z  INFO 28992 --- [main] com.zaxxer.hikari.HikariDataSource       : HikariPool-1 - Starting...
2026-05-15T16:24:17.838Z  INFO 28992 --- [main] com.zaxxer.hikari.pool.HikariPool        : HikariPool-1 - Added connection conn0: url=jdbc:h2:mem:bootapp user=SA
2026-05-15T16:24:17.839Z  INFO 28992 --- [main] com.zaxxer.hikari.HikariDataSource       : HikariPool-1 - Start completed.
2026-05-15T16:24:17.849Z  INFO 28992 --- [main] o.s.b.a.h2.H2ConsoleAutoConfiguration    : H2 console available at '/h2'. Database available at 'jdbc:h2:mem:bootapp'
2026-05-15T16:24:18.138Z  INFO 28992 --- [main] o.hibernate.jpa.internal.util.LogHelper  : HHH000204: Processing PersistenceUnitInfo [name: default]
2026-05-15T16:24:18.215Z  INFO 28992 --- [main] org.hibernate.Version                    : HHH000412: Hibernate ORM core version 6.5.3.Final
2026-05-15T16:24:18.242Z  INFO 28992 --- [main] o.h.c.internal.RegionFactoryInitiator    : HHH000026: Second-level cache disabled
2026-05-15T16:24:18.589Z  INFO 28992 --- [main] o.s.o.j.p.SpringPersistenceUnitInfo      : No LoadTimeWeaver setup: ignoring JPA class transformer
2026-05-15T16:24:18.624Z  WARN 28992 --- [main] org.hibernate.orm.deprecation            : HHH90000025: H2Dialect does not need to be specified explicitly using 'hibernate.dialect' (remove the property setting and it will be selected by default)
2026-05-15T16:24:19.451Z  INFO 28992 --- [main] o.h.e.t.j.p.i.JtaPlatformInitiator       : HHH000489: No JTA platform available (set 'hibernate.transaction.jta.platform' to enable JTA platform integration)
2026-05-15T16:24:19.505Z  INFO 28992 --- [main] j.LocalContainerEntityManagerFactoryBean : Initialized JPA EntityManagerFactory for persistence unit 'default'
2026-05-15T16:24:19.990Z  WARN 28992 --- [main] JpaBaseConfiguration$JpaWebConfiguration : spring.jpa.open-in-view is enabled by default. Therefore, database queries may be performed during view rendering. Explicitly configure spring.jpa.open-in-view to disable this warning
2026-05-15T16:24:20.017Z  INFO 28992 --- [main] r$InitializeUserDetailsManagerConfigurer : Global AuthenticationManager configured with UserDetailsService bean with name userDetailsServiceImpl
2026-05-15T16:24:20.598Z  INFO 28992 --- [main] o.s.b.a.e.web.EndpointLinksResolver      : Exposing 1 endpoint beneath base path '/actuator'
2026-05-15T16:24:21.354Z  INFO 28992 --- [main] o.s.b.w.embedded.tomcat.TomcatWebServer  : Tomcat started on port 8080 (http) with context path '/'
2026-05-15T16:24:21.367Z  INFO 28992 --- [main] com.example.demo.SareetaApplication      : Started SareetaApplication in 7.64 seconds (process running for 8.167)
2026-05-15T16:24:30.872Z  INFO 28992 --- [http-nio-8080-exec-1] o.a.c.c.C.[Tomcat].[localhost].[/]       : Initializing Spring DispatcherServlet 'dispatcherServlet'
2026-05-15T16:24:30.873Z  INFO 28992 --- [http-nio-8080-exec-1] o.s.web.servlet.DispatcherServlet        : Initializing Servlet 'dispatcherServlet'
2026-05-15T16:24:30.874Z  INFO 28992 --- [http-nio-8080-exec-1] o.s.web.servlet.DispatcherServlet        : Completed initialization in 1 ms
2026-05-15T16:24:31.107Z  INFO 28992 --- [http-nio-8080-exec-1] c.e.demo.controllers.UserController      : CreateUser success username=testuser1
2026-05-15T16:26:06.584Z ERROR 28992 --- [http-nio-8080-exec-2] c.e.demo.controllers.UserController      : Error with user password. Cannot create user shortpassuser
2026-05-15T16:26:39.621Z ERROR 28992 --- [http-nio-8080-exec-3] c.e.demo.controllers.UserController      : Error with user password. Cannot create user shortpassuser
2026-05-15T16:28:39.080Z  INFO 28992 --- [http-nio-8080-exec-6] c.e.demo.controllers.OrderController     : Order submit success username=testuser1
2026-05-15T16:30:03.110Z  INFO 28992 --- [http-nio-8080-exec-8] c.e.demo.controllers.OrderController     : Order history success username=testuser1
2026-05-15T16:30:51.516Z  WARN 28992 --- [http-nio-8080-exec-10] c.e.demo.controllers.OrderController     : Order submit failed usernamenotarealuser reason=user-not-found
2026-05-15T16:31:29.777Z  WARN 28992 --- [http-nio-8080-exec-2] c.e.demo.controllers.OrderController     : Order history failed username=notarealuser reason=user-not-found
